2025-02-11 17:18:26.767 [info] [main] Log level: Info
2025-02-11 17:18:26.767 [info] [main] Validating found git in: "git"
2025-02-11 17:18:26.768 [info] [main] Using git "2.42.0" from "git"
2025-02-11 17:18:26.768 [info] [Model][doInitialScan] Initial repository scan started
2025-02-11 17:18:26.768 [info] > git rev-parse --show-toplevel [4ms]
2025-02-11 17:18:26.768 [info] fatal: not a git repository (or any parent up to mount point /teamspace/studios)
Stopping at filesystem boundary (GIT_DISCOVERY_ACROSS_FILESYSTEM not set).
2025-02-11 17:18:26.768 [info] > git rev-parse --show-toplevel [7ms]
2025-02-11 17:18:26.768 [info] fatal: not a git repository (or any parent up to mount point /teamspace/studios)
Stopping at filesystem boundary (GIT_DISCOVERY_ACROSS_FILESYSTEM not set).
2025-02-11 17:18:26.768 [info] > git rev-parse --show-toplevel [5ms]
2025-02-11 17:18:26.768 [info] fatal: not a git repository (or any parent up to mount point /teamspace/studios)
Stopping at filesystem boundary (GIT_DISCOVERY_ACROSS_FILESYSTEM not set).
2025-02-11 17:18:26.768 [info] > git rev-parse --show-toplevel [4ms]
2025-02-11 17:18:26.768 [info] fatal: not a git repository (or any parent up to mount point /teamspace/studios)
Stopping at filesystem boundary (GIT_DISCOVERY_ACROSS_FILESYSTEM not set).
2025-02-11 17:18:26.768 [info] > git rev-parse --show-toplevel [4ms]
2025-02-11 17:18:26.768 [info] fatal: not a git repository (or any parent up to mount point /teamspace/studios)
Stopping at filesystem boundary (GIT_DISCOVERY_ACROSS_FILESYSTEM not set).
2025-02-11 17:18:26.768 [info] > git rev-parse --show-toplevel [4ms]
2025-02-11 17:18:26.769 [info] fatal: not a git repository (or any parent up to mount point /teamspace/studios)
Stopping at filesystem boundary (GIT_DISCOVERY_ACROSS_FILESYSTEM not set).
2025-02-11 17:18:26.769 [info] > git rev-parse --show-toplevel [3ms]
2025-02-11 17:18:26.769 [info] fatal: not a git repository (or any parent up to mount point /teamspace/studios)
Stopping at filesystem boundary (GIT_DISCOVERY_ACROSS_FILESYSTEM not set).
2025-02-11 17:18:26.769 [info] > git rev-parse --show-toplevel [5ms]
2025-02-11 17:18:26.769 [info] fatal: not a git repository (or any parent up to mount point /teamspace/studios)
Stopping at filesystem boundary (GIT_DISCOVERY_ACROSS_FILESYSTEM not set).
2025-02-11 17:18:26.769 [info] > git rev-parse --show-toplevel [4ms]
2025-02-11 17:18:26.769 [info] fatal: not a git repository (or any parent up to mount point /teamspace/studios)
Stopping at filesystem boundary (GIT_DISCOVERY_ACROSS_FILESYSTEM not set).
2025-02-11 17:18:26.769 [info] > git rev-parse --show-toplevel [11ms]
2025-02-11 17:18:26.769 [info] fatal: not a git repository (or any parent up to mount point /teamspace/studios)
Stopping at filesystem boundary (GIT_DISCOVERY_ACROSS_FILESYSTEM not set).
2025-02-11 17:18:26.769 [info] [Model][doInitialScan] Initial repository scan completed - repositories (0), closed repositories (0), parent repositories (0), unsafe repositories (0)
2025-02-11 17:18:41.237 [info] > git rev-parse --show-toplevel [7ms]
2025-02-11 17:18:41.237 [info] fatal: not a git repository (or any parent up to mount point /teamspace/studios)
Stopping at filesystem boundary (GIT_DISCOVERY_ACROSS_FILESYSTEM not set).
2025-02-11 17:19:51.005 [info] > git rev-parse --show-toplevel [4ms]
2025-02-11 17:19:51.005 [info] fatal: not a git repository (or any parent up to mount point /teamspace/studios)
Stopping at filesystem boundary (GIT_DISCOVERY_ACROSS_FILESYSTEM not set).
2025-02-11 17:33:18.259 [info] > git rev-parse --show-toplevel [1ms]
2025-02-11 17:33:18.260 [info] fatal: not a git repository (or any parent up to mount point /teamspace/studios)
Stopping at filesystem boundary (GIT_DISCOVERY_ACROSS_FILESYSTEM not set).
2025-02-11 17:53:07.532 [info] > git rev-parse --show-toplevel [5ms]
2025-02-11 17:53:07.533 [info] fatal: not a git repository (or any parent up to mount point /teamspace/studios)
Stopping at filesystem boundary (GIT_DISCOVERY_ACROSS_FILESYSTEM not set).
